// Jest Snapshot v1, https://goo.gl/fbAQLP

exports[`<CustomTable /> render() should be instance of the component 1`] = `ShallowWrapper {}`;
